2026-10-02T11:32:21.212Z	exit=0	78ms	git -C D:\emidost\.biswodip\upstream\taste-skill.tmp-14812 init --quiet
2026-10-02T11:32:21.277Z	exit=0	62ms	git -C D:\emidost\.biswodip\upstream\taste-skill.tmp-14812 remote add origin https://github.com/Leonxlnx/taste-skill.git
2026-10-02T11:32:23.398Z	exit=0	2117ms	git -C D:\emidost\.biswodip\upstream\taste-skill.tmp-14812 fetch --depth 1 origin 5217fb45be2c0b302f29c9cd31cbd3237501c684
2026-10-02T11:32:23.515Z	exit=0	115ms	git -C D:\emidost\.biswodip\upstream\taste-skill.tmp-14812 -c advice.detachedHead=false checkout --quiet FETCH_HEAD
2026-10-02T11:32:26.008Z	exit=0	84ms	git -C D:\emidost\.biswodip\upstream\emilkowalski-skills.tmp-14812 init --quiet
2026-10-02T11:32:26.083Z	exit=0	73ms	git -C D:\emidost\.biswodip\upstream\emilkowalski-skills.tmp-14812 remote add origin https://github.com/emilkowalski/skills.git
2026-10-02T11:32:27.476Z	exit=0	1388ms	git -C D:\emidost\.biswodip\upstream\emilkowalski-skills.tmp-14812 fetch --depth 1 origin 85e8e2363b713506e1d5b6e07a0eb2da66be1bc3
2026-10-02T11:32:27.578Z	exit=0	101ms	git -C D:\emidost\.biswodip\upstream\emilkowalski-skills.tmp-14812 -c advice.detachedHead=false checkout --quiet FETCH_HEAD
2026-10-02T11:32:29.974Z	exit=0	74ms	git -C D:\emidost\.biswodip\upstream\headroom.tmp-14812 init --quiet
2026-10-02T11:32:30.038Z	exit=0	62ms	git -C D:\emidost\.biswodip\upstream\headroom.tmp-14812 remote add origin https://github.com/headroomlabs-ai/headroom.git
2026-10-02T11:32:42.164Z	exit=0	12124ms	git -C D:\emidost\.biswodip\upstream\headroom.tmp-14812 fetch --depth 1 origin 94206e265203acfd72a3b939e9a964e29175ad50
2026-10-02T11:32:43.355Z	exit=0	1189ms	git -C D:\emidost\.biswodip\upstream\headroom.tmp-14812 -c advice.detachedHead=false checkout --quiet FETCH_HEAD
2026-10-02T11:32:46.670Z	exit=0	73ms	git -C D:\emidost\.biswodip\upstream\strix.tmp-14812 init --quiet
2026-10-02T11:32:46.735Z	exit=0	61ms	git -C D:\emidost\.biswodip\upstream\strix.tmp-14812 remote add origin https://github.com/usestrix/strix.git
2026-10-02T11:32:49.581Z	exit=0	2842ms	git -C D:\emidost\.biswodip\upstream\strix.tmp-14812 fetch --depth 1 origin 56e9ae982c2fdd00c7c0b9afc49af035470dd310
2026-10-02T11:32:49.871Z	exit=0	288ms	git -C D:\emidost\.biswodip\upstream\strix.tmp-14812 -c advice.detachedHead=false checkout --quiet FETCH_HEAD
2026-10-02T11:32:53.623Z	exit=0	76ms	git -C D:\emidost\.biswodip\upstream\no-ai-slop.tmp-14812 init --quiet
2026-10-02T11:32:53.689Z	exit=0	63ms	git -C D:\emidost\.biswodip\upstream\no-ai-slop.tmp-14812 remote add origin https://github.com/petergyang/no-ai-slop.git
2026-10-02T11:32:55.098Z	exit=0	1407ms	git -C D:\emidost\.biswodip\upstream\no-ai-slop.tmp-14812 fetch --depth 1 origin 000650b156983f5159695b441477f4e63b25dc85
2026-10-02T11:32:55.181Z	exit=0	81ms	git -C D:\emidost\.biswodip\upstream\no-ai-slop.tmp-14812 -c advice.detachedHead=false checkout --quiet FETCH_HEAD
